[02:16:42] [main/INFO]: Loading Minecraft 26.2 with Fabric Loader 0.19.3
[02:16:42] [main/INFO]: Mappings not present!
[02:16:44] [main/WARN]: Warnings were found!
 - Mod 'Forge Config API Port' (forgeconfigapiport) 26.2.0 recommends any version of modmenu, which is missing!
	 - You should install any version of modmenu for the optimal experience.
 - Mod 'Friends&Foes' (friendsandfoes) 4.0.27 recommends any version of yet_another_config_lib_v3, which is missing!
	 - You should install any version of yet_another_config_lib_v3 for the optimal experience.
 - Mod 'Friends&Foes' (friendsandfoes) 4.0.27 recommends any version of modmenu, which is missing!
	 - You should install any version of modmenu for the optimal experience.
[02:16:44] [main/INFO]: Loading 79 mods:
	- architectury 21.0.7
	- balm 26.2.0.6
	   \-- kuma_api 26.2.0.1
	- biomesoplenty 26.2.0.0.27
	   |-- com_google_code_findbugs_jsr305 3.0.2
	   \-- net_jodah_typetools 0.6.3
	- cristellib 3.1.10
	   \-- blue_endless_jankson 1.2.3
	- enderzoology 26.2.0
	- explorify 1.6.5
	- fabric-api 0.157.0+26.2
	   |-- fabric-api-base 2.0.4+ece063239e
	   |-- fabric-api-lookup-api-v1 2.0.17+11e1c9a39e
	   |-- fabric-biome-api-v1 18.0.6+c7bd5b8e9e
	   |-- fabric-block-api-v1 3.0.3+ec56b6019e
	   |-- fabric-block-getter-api-v2 2.0.7+ec56b6019e
	   |-- fabric-command-api-v2 3.1.0+00cb03469e
	   |-- fabric-content-registries-v0 11.3.1+37b1aa249e
	   |-- fabric-convention-tags-v2 4.7.0+1f023a9e9e
	   |-- fabric-crash-report-info-v1 1.0.5+086d547a9e
	   |-- fabric-creative-tab-api-v1 5.0.14+d871b99e9e
	   |-- fabric-data-attachment-api-v1 2.2.18+515ac5339e
	   |-- fabric-data-generation-api-v1 25.5.0+aed122aa9e
	   |-- fabric-debug-api-v1 1.0.2+c792624d9e
	   |-- fabric-dimensions-v1 5.1.11+515ac5339e
	   |-- fabric-entity-events-v1 5.0.5+06488ac19e
	   |-- fabric-events-interaction-v0 5.2.7+515ac5339e
	   |-- fabric-game-rule-api-v1 4.0.8+46a6d00c9e
	   |-- fabric-item-api-v1 14.4.0+49a69a7b9e
	   |-- fabric-key-mapping-api-v1 2.0.5+e2bdee789e
	   |-- fabric-lifecycle-events-v1 4.1.3+4575b05f9e
	   |-- fabric-loot-api-v3 3.0.17+06488ac19e
	   |-- fabric-menu-api-v1 2.0.16+086d547a9e
	   |-- fabric-message-api-v1 7.0.8+bb2ed3f79e
	   |-- fabric-model-loading-api-v1 8.0.16+c80601bb9e
	   |-- fabric-networking-api-v1 6.3.3+72073ef09e
	   |-- fabric-object-builder-api-v1 24.1.0+6fcd5f039e
	   |-- fabric-particles-v1 5.0.18+d1756aa99e
	   |-- fabric-permission-api-v1 1.0.5+e442d8d09e
	   |-- fabric-recipe-api-v1 9.0.20+11e1c9a39e
	   |-- fabric-registry-sync-v0 7.1.0+c7bd5b8e9e
	   |-- fabric-renderer-api-v1 14.1.3+2b0d8a229e
	   |-- fabric-renderer-indigo 9.1.3+2b0d8a229e
	   |-- fabric-rendering-fluids-v1 6.0.4+06488ac19e
	   |-- fabric-rendering-v1 25.3.2+515ac5339e
	   |-- fabric-resource-conditions-api-v1 6.1.0+10e9a28b9e
	   |-- fabric-resource-loader-v0 3.3.20+4fc5413f9e
	   |-- fabric-resource-loader-v1 2.0.13+9edec1269e
	   |-- fabric-screen-api-v1 5.2.0+58e078ad9e
	   |-- fabric-serialization-api-v1 2.0.4+11a26f319e
	   |-- fabric-sound-api-v1 2.0.5+11a26f319e
	   |-- fabric-tag-api-v1 2.1.4+515ac5339e
	   |-- fabric-transfer-api-v1 8.0.12+11dbb7d79e
	   \-- fabric-transitive-access-wideners-v1 8.1.4+67c847259e
	- fabricloader 0.19.3
	   \-- mixinextras 0.5.4
	- fallingtree 25
	- forgeconfigapiport 26.2.0
	   |-- com_electronwill_night-config_core 3.8.4
	   \-- com_electronwill_night-config_toml 3.8.4
	- friendsandfoes 4.0.27
	- fusion 1.3.12
	- glitchcore 26.2.0.0.0
	   \-- net_jodah_typetools 0.6.3
	- java 25
	- jei 30.24.0.167
	- minecraft 26.2
	- mr_vanilla_backpacks 1.3.5
	- mutantmonsters 26.2.0
	- puzzleslib 26.2.3
	- rechiseled 1.2.5
	- resourcefullib 5.0.3
	   |-- com_teamresourceful_bytecodecs 1.1.3
	   \-- com_teamresourceful_yabn 1.0.3
	- shogi 26.2.0.5
	   \-- shogi_api 26.2.0.5
	- supermartijn642configlib 1.1.8
	- supermartijn642corelib 1.1.24
	- t_and_t 1.13.11
	- terrablender 26.2.0.0.2
	- travelersbackpack 11.3.1
	- waystones 26.2.0.9
	- xaerominimap 26.4.2
	   \-- xaerolib 1.7.1
	- xaeroworldmap 1.44.2
	   \-- xaerolib 1.7.1
	- zeroteam_gravestone 1.0.4
	- zeroteam_zero_lib 1.0.1
[02:16:45] [main/INFO]: SpongePowered MIXIN Subsystem Version=0.8.7 Source=file:/workspaces/5toremate/servidor_minecraft/libraries/net/fabricmc/sponge-mixin/0.17.3+mixin.0.8.7/sponge-mixin-0.17.3+mixin.0.8.7.jar Service=Knot/Fabric Env=SERVER
[02:16:45] [main/INFO]: Compatibility level set to JAVA_25
[02:16:45] [main/WARN]: Reference map 'biomesoplenty.refmap.json' for biomesoplenty.mixins.json could not be read. If this is a development environment you can ignore this message
[02:16:45] [main/WARN]: Reference map 'biomesoplenty.refmap.json' for biomesoplenty.fabric.mixins.json could not be read. If this is a development environment you can ignore this message
[02:16:45] [main/WARN]: Reference map 'friendsandfoes.refmap.json' for friendsandfoes-common.mixins.json could not be read. If this is a development environment you can ignore this message
[02:16:45] [main/WARN]: Reference map 'friendsandfoes.refmap.json' for friendsandfoes-fabric.mixins.json could not be read. If this is a development environment you can ignore this message
[02:16:45] [main/WARN]: Reference map 'glitchcore.refmap.json' for glitchcore.mixins.json could not be read. If this is a development environment you can ignore this message
[02:16:45] [main/WARN]: Reference map 'glitchcore.refmap.json' for glitchcore.fabric.mixins.json could not be read. If this is a development environment you can ignore this message
[02:16:45] [main/WARN]: Reference map 'kuma_api.refmap.json' for kuma_api.mixins.json could not be read. If this is a development environment you can ignore this message
[02:16:45] [main/WARN]: Reference map 'kuma_api.refmap.json' for kuma_api.fabric.mixins.json could not be read. If this is a development environment you can ignore this message
[02:16:45] [main/WARN]: Reference map 'supermartijn642configlib.mixins.refmap.json' for supermartijn642configlib.mixins.json could not be read. If this is a development environment you can ignore this message
[02:16:45] [main/WARN]: Reference map 'xaerolib.refmap.json' for xaerolib.mixins.json could not be read. If this is a development environment you can ignore this message
[02:16:45] [main/WARN]: Reference map 'xaeroworldmap.refmap.json' for xaeroworldmap.mixins.json could not be read. If this is a development environment you can ignore this message
[02:16:46] [main/WARN]: Error loading class: de/siphalor/amecs/key_modifiers/impl/AmecsKeyModifiersEarlyInit (java.lang.ClassNotFoundException: de/siphalor/amecs/key_modifiers/impl/AmecsKeyModifiersEarlyInit)
[02:16:46] [main/WARN]: @Mixin target de.siphalor.amecs.key_modifiers.impl.AmecsKeyModifiersEarlyInit was not found jei.mixins.json:AmecsKeyModifiersEarlyInitMixin from mod jei
[02:16:46] [main/WARN]: Error loading class: net/minecraft/client/renderer/state/level/BlockOutlineRenderState (java.lang.ClassNotFoundException: net/minecraft/client/renderer/state/level/BlockOutlineRenderState)
[02:16:46] [main/WARN]: @Mixin target net.minecraft.client.renderer.state.level.BlockOutlineRenderState was not found resourcefullib.mixins.json:BlockOutlineRenderStateMixin from mod resourcefullib
[02:16:46] [main/INFO]: Initializing MixinExtras via com.llamalad7.mixinextras.service.MixinExtrasServiceImpl(version=0.5.4).
[02:16:53] [main/INFO]: Mod proxy balm:permissions resolved as net.blay09.mods.balm.platform.permissions.internal.CommonBalmPermissions@7c54320d
[02:16:53] [main/INFO]: Constructing components for enderzoology:common
[02:16:53] [main/INFO]: Dispatching loading event for config enderzoology-common.toml
[02:16:54] [main/INFO]: Constructing components for mutantmonsters:common
[02:16:54] [main/INFO]: Dispatching loading event for config mutantmonsters-common.toml
[02:16:55] [main/INFO]: Constructing components for puzzleslib:common
[02:16:55] [main/INFO]: Registered region minecraft:overworld to index 0 for type OVERWORLD
[02:16:55] [main/INFO]: Registered region minecraft:nether to index 0 for type NETHER
[02:16:55] [main/INFO]: Registered region biomesoplenty:overworld_primary to index 1 for type OVERWORLD
[02:16:55] [main/INFO]: Registered region biomesoplenty:overworld_secondary to index 2 for type OVERWORLD
[02:16:55] [main/INFO]: Registered region biomesoplenty:overworld_rare to index 3 for type OVERWORLD
[02:16:55] [main/INFO]: Registered region biomesoplenty:nether_common to index 1 for type NETHER
[02:16:55] [main/INFO]: Registered region biomesoplenty:nether_rare to index 2 for type NETHER
[02:16:56] [main/INFO]: Registered the FluidEffect with Unique ID of minecraft:water for Water (Fluid Amount Required: 81000) with the ID 0
[02:16:56] [main/INFO]: Registered the FluidEffect with Unique ID of minecraft:lava for Lava (Fluid Amount Required: 81000) with the ID 1
[02:16:56] [main/INFO]: Registered the FluidEffect with Unique ID of travelersbackpack:potion for block.travelersbackpack.potion_still (Fluid Amount Required: 27000) with the ID 2
[02:16:56] [main/INFO]: Registered the FluidEffect with Unique ID of minecraft:milk for Air (Fluid Amount Required: 81000) with the ID 3
[02:16:56] [main/INFO]: Zero Lib initialized
[02:16:56] [main/INFO]: Gravestone initialized
[02:16:58] [main/INFO]: Registering common data for channel xaerolib:main!
[02:16:58] [main/INFO]: Loading primary common config for channel xaerolib:main!
[02:16:58] [main/INFO]: Loading server config profiles for channel xaerolib:main!
[02:16:58] [main/INFO]: Loading XaeroLib common 1/2!
[02:16:58] [main/INFO]: Loading XaeroLib server 1/2!
[02:16:58] [main/INFO]: Registering common data for channel xaerominimap:main!
[02:16:58] [main/INFO]: Loading primary common config for channel xaerominimap:main!
[02:16:58] [main/INFO]: Loading server config profiles for channel xaerominimap:main!
[02:16:58] [main/INFO]: Loading Xaero's Minimap - Stage 1/2 (Server)
[02:16:58] [main/INFO]: Registering common data for channel xaeroworldmap:main!
[02:16:58] [main/INFO]: Loading primary common config for channel xaeroworldmap:main!
[02:16:58] [main/INFO]: Loading server config profiles for channel xaeroworldmap:main!
[02:16:58] [main/INFO]: Loading Xaero's World Map - Stage 1/2 (Server)
[02:16:59] [main/INFO]: Environment: Environment[sessionHost=https://sessionserver.mojang.com, servicesHost=https://api.minecraftservices.com, profilesHost=https://api.mojang.com, name=PROD]
[02:16:59] [main/INFO]: 1 chiseling plugins were registered: [rechiseled:datapacks]
[02:17:01] [main/INFO]: Loaded 2320 recipes
[02:17:01] [main/INFO]: Loaded 2386 advancements
[02:17:01] [main/INFO]: Loaded 27 entity animations
[02:17:01] [main/INFO]: Loaded 1 moobloom variants
[02:17:01] [main/INFO]: Loaded 45 chiseling recipes
[02:17:02] [main/INFO]: Initialized TerraBlender biomes for level stem minecraft:the_nether
[02:17:02] [main/INFO]: Initialized TerraBlender biomes for level stem minecraft:overworld
[02:17:02] [main/INFO]: Applied 837 biome modifications to 135 of 135 new biomes in 101.1 ms
[02:17:02] [Server thread/INFO]: Dispatching loading event for config mutantmonsters-server.toml
[02:17:02] [Server thread/INFO]: Loading XaeroLib common 2/2!
[02:17:02] [Server thread/INFO]: Loading XaeroLib server 2/2!
[02:17:02] [Server thread/INFO]: Starting minecraft server version 26.2
[02:17:02] [Server thread/INFO]: Loading properties
[02:17:02] [Server thread/INFO]: Default game type: SURVIVAL
[02:17:02] [Server thread/INFO]: Generating keypair
[02:17:02] [Server thread/INFO]: Starting Minecraft server on *:25565
[02:17:03] [Server thread/WARN]: **** SERVER IS RUNNING IN OFFLINE/INSECURE MODE!
[02:17:03] [Server thread/WARN]: The server will make no attempt to authenticate usernames. Beware.
[02:17:03] [Server thread/WARN]: While this makes the game possible to play without internet access, it also opens up the ability for hackers to connect with any username they choose.
[02:17:03] [Server thread/WARN]: To change this, set "online-mode" to "true" in the server.properties file.
[02:17:03] [Server thread/INFO]: Preparing level "world"
[02:17:03] [Server thread/INFO]: Loading 0 persistent chunks...
[02:17:03] [Server thread/INFO]: Preparing spawn area: 100%
[02:17:03] [Server thread/INFO]: Time elapsed: 15 ms
[02:17:03] [Server thread/INFO]: Done (0.548s)! For help, type "help"
[02:17:03] [Server thread/INFO]: Saving chunks for level 'ServerLevel[world]'/minecraft:overworld
[02:17:03] [Server thread/INFO]: Saving chunks for level 'ServerLevel[world]'/minecraft:the_nether
[02:17:03] [Server thread/INFO]: Saving chunks for level 'ServerLevel[world]'/minecraft:the_end
[02:17:03] [Server thread/INFO]: ThreadedAnvilChunkStorage (world): All chunks are saved
[02:17:03] [Server thread/INFO]: ThreadedAnvilChunkStorage (DIM-1): All chunks are saved
[02:17:03] [Server thread/INFO]: ThreadedAnvilChunkStorage (DIM1): All chunks are saved
[02:17:03] [Server thread/INFO]: ThreadedAnvilChunkStorage: All dimensions are saved
[02:17:03] [Server thread/INFO]: Loading Xaero's Minimap - Stage 2/2 (Server)
[02:17:03] [Server thread/INFO]: Loading Xaero's World Map - Stage 2/2 (Server)
[02:18:03] [Server thread/INFO]: Server empty for 60 seconds, pausing
[02:18:22] [Server thread/INFO]: Yazuu[/172.29.222.16:49374] logged in with entity id 8 at (-1863.743550482371, 88.0, 965.7485110966282)
[02:18:22] [Server thread/INFO]: Yazuu joined the game
[02:27:48] [Server thread/INFO]: marinet45[/172.29.35.46:52933] logged in with entity id 1555 at (86.26710292399785, 67.0, -1120.1869211701696)
[02:27:48] [Server thread/INFO]: marinet45 joined the game
[02:28:11] [Server thread/INFO]: bohemia[/172.29.182.214:51330] logged in with entity id 1966 at (62.17686992189082, 97.00133597911214, -395.54740566235256)
[02:28:11] [Server thread/INFO]: bohemia joined the game
[02:32:17] [Server thread/INFO]: DraculaNew[/172.29.103.188:64905] logged in with entity id 4429 at (160.4438229551562, 63.0, -1166.5395545622891)
[02:32:17] [Server thread/INFO]: DraculaNew joined the game
[02:38:26] [Server thread/INFO]: bohemia lost connection: Disconnected
[02:38:26] [Server thread/INFO]: bohemia left the game
[02:41:05] [Server thread/INFO]: Renesito[/172.29.190.27:55991] logged in with entity id 10712 at (-103.5, 65.0, -211.5)
[02:41:05] [Server thread/INFO]: Renesito joined the game
[02:41:14] [Server thread/INFO]: Mod proxy <unnamed> resolved as net.blay09.mods.balm.platform.compatibility.trinkets.internal.NoopTrinkets@15766700
[02:41:56] [Server thread/INFO]: [Not Secure] <Yazuu> xaero-waypoint:Tumbas:T:19:26:763:4:false:0:Internal-overworld
[02:43:28] [Server thread/INFO]: bohemia[/172.29.182.214:56117] logged in with entity id 13398 at (64.1930654756875, 102.0, -320.30000001192093)
[02:43:28] [Server thread/INFO]: bohemia joined the game
[02:48:18] [Server thread/INFO]: Renesito lost connection: Disconnected
[02:48:18] [Server thread/INFO]: Renesito left the game
[02:49:08] [Server thread/INFO]: [Not Secure] <Yazuu> ./grave list
[02:49:37] [Server thread/INFO]: Renesito[/172.29.190.27:56495] logged in with entity id 19092 at (-101.24619887831746, 65.0, -212.9077896216594)
[02:49:37] [Server thread/INFO]: Renesito joined the game
[02:51:05] [Server thread/INFO]: [Not Secure] <Yazuu> ./grave list
[02:51:19] [Server thread/WARN]: Can't keep up! Is the server overloaded? Running 2005ms or 40 ticks behind
[02:51:43] [Server thread/WARN]: Can't keep up! Is the server overloaded? Running 9414ms or 188 ticks behind
[03:02:25] [Server thread/INFO]: marinet45 lost connection: Disconnected
[03:02:25] [Server thread/INFO]: marinet45 left the game
[03:03:20] [Server thread/WARN]: Can't keep up! Is the server overloaded? Running 2019ms or 40 ticks behind
[03:06:17] [Server thread/INFO]: Renesito fell from a high place
[03:06:17] [Server thread/INFO]: Created new backpack backup file for Renesito with unique ID travelersbackpack.spider_02.09.2026-03.06.17.dat
[03:06:17] [Server thread/INFO]: Created new backpack backup file for Renesito with unique ID travelersbackpack.spider_02.09.2026-03.06.17.dat
[03:06:17] [Server thread/INFO]: Your backpack has been placed at X: 11 Y: 69 Z: -186
[03:11:34] [Server thread/INFO]: Mattute_uwu[/172.29.228.210:54746] logged in with entity id 33869 at (-103.5, 65.0, -213.5)
[03:11:34] [Server thread/INFO]: Mattute_uwu joined the game
[03:12:29] [Server thread/WARN]: bohemia moved too quickly! -3.6360150906631787,1.0013359791121417,9.6352313930158
[03:12:45] [Server thread/WARN]: bohemia moved too quickly! -8.69219724778604,0.0,5.0907534756494215
[03:14:29] [Server thread/INFO]: Mattute_uwu was slain by DraculaNew
[03:14:29] [Server thread/INFO]: Created new backpack backup file for Mattute_uwu with unique ID travelersbackpack.wither_02.09.2026-03.14.29.dat
[03:14:29] [Server thread/INFO]: Created new backpack backup file for Mattute_uwu with unique ID travelersbackpack.wither_02.09.2026-03.14.29.dat
[03:14:29] [Server thread/INFO]: Your backpack has been placed at X: -85 Y: 63 Z: -202
[03:14:47] [Server thread/INFO]: Mattute_uwu was slain by DraculaNew
[03:16:46] [Server thread/WARN]: bohemia moved too quickly! -5.558845053025692,-0.373904036466719,8.334187109929388
[03:17:04] [Server thread/WARN]: bohemia moved too quickly! 2.0652455652512742,-3.0,-9.680314021372368
[03:17:45] [Server thread/WARN]: bohemia moved too quickly! 9.205458919469628,-1.1661092609382138,-3.973754704678072
[03:23:04] [Server thread/INFO]: DraculaNew tried to swim in lava
[03:23:04] [Server thread/INFO]: Created new backpack backup file for DraculaNew with unique ID travelersbackpack.squid_02.09.2026-03.23.04.dat
[03:23:04] [Server thread/INFO]: Created new backpack backup file for DraculaNew with unique ID travelersbackpack.squid_02.09.2026-03.23.04.dat
[03:23:04] [Server thread/INFO]: Your backpack has been placed at X: 77 Y: 63 Z: -1142
[03:23:24] [Server thread/INFO]: DraculaNew tried to swim in lava
[03:23:24] [Server thread/INFO]: Created new backpack backup file for DraculaNew with unique ID travelersbackpack.squid_02.09.2026-03.23.24.dat
[03:23:24] [Server thread/INFO]: Created new backpack backup file for DraculaNew with unique ID travelersbackpack.squid_02.09.2026-03.23.24.dat
[03:23:24] [Server thread/INFO]: Your backpack has been placed at X: 78 Y: 63 Z: -1140
[03:23:29] [Server thread/INFO]: Yazuu lost connection: Timed out
[03:23:29] [Server thread/INFO]: Yazuu left the game
[03:23:29] [Server thread/WARN]: handleDisconnection() called twice
[03:25:38] [Server thread/INFO]: Yazuu[/172.29.222.16:60230] logged in with entity id 44910 at (76.5, 64.5, -1142.5)
[03:25:38] [Server thread/INFO]: Yazuu joined the game
[03:26:32] [Server thread/WARN]: Can't keep up! Is the server overloaded? Running 2016ms or 40 ticks behind
[03:26:55] [Server thread/WARN]: Can't keep up! Is the server overloaded? Running 7562ms or 151 ticks behind
[03:27:27] [Server thread/INFO]: Renesito fell from a high place
[03:27:27] [Server thread/INFO]: Created new backpack backup file for Renesito with unique ID travelersbackpack.spider_02.09.2026-03.27.27.dat
[03:27:27] [Server thread/INFO]: Created new backpack backup file for Renesito with unique ID travelersbackpack.spider_02.09.2026-03.27.27.dat
[03:27:27] [Server thread/INFO]: Your backpack has been placed at X: -1 Y: 199 Z: -179
[03:27:34] [Server thread/WARN]: Can't keep up! Is the server overloaded? Running 2062ms or 41 ticks behind
[03:27:58] [Server thread/WARN]: Can't keep up! Is the server overloaded? Running 8225ms or 164 ticks behind
[03:28:15] [Server thread/WARN]: Can't keep up! Is the server overloaded? Running 2126ms or 42 ticks behind
[03:28:37] [Server thread/WARN]: Can't keep up! Is the server overloaded? Running 2099ms or 41 ticks behind
[03:29:02] [Server thread/WARN]: Can't keep up! Is the server overloaded? Running 2057ms or 41 ticks behind
[03:29:14] [Server thread/INFO]: marinet45[/172.29.35.46:60242] logged in with entity id 48667 at (434.46291843609026, 163.0, -1138.3946679230212)
[03:29:14] [Server thread/INFO]: marinet45 joined the game
[03:29:20] [Server thread/WARN]: Can't keep up! Is the server overloaded? Running 2006ms or 40 ticks behind
[03:29:38] [Server thread/WARN]: Can't keep up! Is the server overloaded? Running 3593ms or 71 ticks behind
[03:29:56] [Server thread/WARN]: Can't keep up! Is the server overloaded? Running 2683ms or 53 ticks behind
[03:30:15] [Server thread/WARN]: Can't keep up! Is the server overloaded? Running 4120ms or 82 ticks behind
[03:31:17] [Server thread/WARN]: Can't keep up! Is the server overloaded? Running 2058ms or 41 ticks behind
[03:31:38] [Server thread/WARN]: Can't keep up! Is the server overloaded? Running 2004ms or 40 ticks behind
[03:31:50] [Server thread/INFO]: Mattute_uwu lost connection: Disconnected
[03:31:50] [Server thread/INFO]: Mattute_uwu left the game
[03:31:55] [Server thread/WARN]: Can't keep up! Is the server overloaded? Running 2165ms or 43 ticks behind
[03:32:02] [Server thread/INFO]: Renesito was burned to a crisp while fighting DraculaNew
[03:32:02] [Server thread/INFO]: Created new backpack backup file for Renesito with unique ID travelersbackpack.spider_02.09.2026-03.32.02.dat
[03:32:02] [Server thread/INFO]: Created new backpack backup file for Renesito with unique ID travelersbackpack.spider_02.09.2026-03.32.02.dat
[03:32:02] [Server thread/INFO]: Your backpack has been placed at X: 88 Y: 63 Z: -1116
[03:32:39] [Server thread/INFO]: Mattute_uwu[/172.29.228.210:54819] logged in with entity id 54004 at (-89.28776624136609, 63.0, -211.30000001192093)
[03:32:39] [Server thread/INFO]: Mattute_uwu joined the game
[03:32:58] [Server thread/WARN]: Can't keep up! Is the server overloaded? Running 2088ms or 41 ticks behind
[03:33:17] [Server thread/WARN]: Can't keep up! Is the server overloaded? Running 3507ms or 70 ticks behind
[03:33:34] [Server thread/WARN]: Magic Boat (vehicle of bohemia) moved too quickly! -8.709471774279791,0.0,5.483506045153831
[03:33:34] [Server thread/WARN]: Magic Boat (vehicle of bohemia) moved too quickly! -9.079605139389741,0.0,5.576974989021778
[03:33:34] [Server thread/WARN]: Magic Boat (vehicle of bohemia) moved too quickly! -9.451816880341084,0.0,5.652621339606412
[03:33:34] [Server thread/WARN]: Magic Boat (vehicle of bohemia) moved too quickly! -9.82553684149093,0.0,5.710701384622553
[03:33:34] [Server thread/WARN]: Magic Boat (vehicle of bohemia) moved too quickly! -10.200237294537828,0.0,5.751611829440435
[03:33:34] [Server thread/WARN]: Magic Boat (vehicle of bohemia) moved too quickly! -10.57544038947185,0.0,5.775858471832748
[03:33:34] [Server thread/WARN]: Magic Boat (vehicle of bohemia) moved too quickly! -10.950721205921809,0.0,5.7840280772337564
[03:33:34] [Server thread/WARN]: Magic Boat (vehicle of bohemia) moved too quickly! -11.325708815534881,0.0,5.776766911904474
[03:33:34] [Server thread/WARN]: Magic Boat (vehicle of bohemia) moved too quickly! -11.700084969416821,0.0,5.754761696590663
[03:33:34] [Server thread/WARN]: Magic Boat (vehicle of bohemia) moved too quickly! -12.073579444858069,0.0,5.718719308562754
[03:33:34] [Server thread/WARN]: Magic Boat (vehicle of bohemia) moved too quickly! -12.445970469296071,0.0,5.669362914493945
[03:33:34] [Server thread/WARN]: Magic Boat (vehicle of bohemia) moved too quickly! -12.81707776678536,0.0,5.607414746522977
[03:33:34] [Server thread/WARN]: Magic Boat (vehicle of bohemia) moved too quickly! -13.186758356180917,0.0,5.533587936738854
[03:33:34] [Server thread/WARN]: Magic Boat (vehicle of bohemia) moved too quickly! -13.554905556020003,0.0,5.44858623509333
[03:33:34] [Server thread/WARN]: Magic Boat (vehicle of bohemia) moved too quickly! -13.921442307265579,0.0,5.353093691650088
[03:33:34] [Server thread/WARN]: Magic Boat (vehicle of bohemia) moved too quickly! -14.286316277637752,0.0,5.24776905305896
[03:33:36] [Server thread/WARN]: Can't keep up! Is the server overloaded? Running 4372ms or 87 ticks behind
[03:33:57] [Server thread/WARN]: Can't keep up! Is the server overloaded? Running 6067ms or 121 ticks behind
[03:34:19] [Server thread/WARN]: Can't keep up! Is the server overloaded? Running 7568ms or 151 ticks behind
[03:34:43] [Server thread/WARN]: Can't keep up! Is the server overloaded? Running 8256ms or 165 ticks behind
[03:34:57] [Server thread/WARN]: Magic Boat (vehicle of bohemia) moved too quickly! 0.29041850704606986,0.0,10.357820237647502
[03:34:57] [Server thread/WARN]: Magic Boat (vehicle of bohemia) moved too quickly! 0.17635817734731063,0.0,10.732648076135774
[03:34:57] [Server thread/WARN]: Magic Boat (vehicle of bohemia) moved too quickly! 0.05702229787698343,0.0,11.1063486508192
[03:34:57] [Server thread/WARN]: Magic Boat (vehicle of bohemia) moved too quickly! -0.06722522640222905,0.0,11.478959154118911
[03:34:57] [Server thread/WARN]: Magic Boat (vehicle of bohemia) moved too quickly! -0.196042654148755,0.0,11.850518837138452
[03:34:57] [Server thread/WARN]: Magic Boat (vehicle of bohemia) moved too quickly! -0.3291048031283026,0.0,12.22107062918758
[03:34:57] [Server thread/WARN]: Magic Boat (vehicle of bohemia) moved too quickly! -0.46610840157359235,0.0,12.5906576444429
[03:34:58] [Server thread/WARN]: Magic Boat (vehicle of bohemia) moved too quickly! -0.6067664922218228,0.0,12.959324940424949
[03:34:58] [Server thread/WARN]: Magic Boat (vehicle of bohemia) moved too quickly! -0.7508103082246862,0.0,13.327117770217228
[03:34:58] [Server thread/WARN]: Magic Boat (vehicle of bohemia) moved too quickly! -0.8979874950847488,0.0,13.694081648592146
[03:34:58] [Server thread/WARN]: Magic Boat (vehicle of bohemia) moved too quickly! -1.0480639469782318,0.0,14.06026071279075
[03:34:58] [Server thread/WARN]: Magic Boat (vehicle of bohemia) moved too quickly! -1.2008220042391713,0.0,14.42569790125458
[03:34:58] [Server thread/WARN]: Magic Boat (vehicle of bohemia) moved too quickly! -1.3560553926519106,0.0,14.790436820666855
[03:34:58] [Server thread/WARN]: Magic Boat (vehicle of bohemia) moved too quickly! -1.5135749785556527,0.0,15.154518318916189
[03:34:58] [Server thread/WARN]: Magic Boat (vehicle of bohemia) moved too quickly! -1.673200200254314,0.0,15.517984203144351
[03:34:58] [Server thread/WARN]: Magic Boat (vehicle of bohemia) moved too quickly! 0.23904849041593934,0.0,10.345564602354443
[03:34:58] [Server thread/WARN]: Magic Boat (vehicle of bohemia) moved too quickly! 0.07909824434864277,0.0,10.709515758199132
[03:34:58] [Server thread/WARN]: Magic Boat (vehicle of bohemia) moved too quickly! -0.08104909472967847,0.0,11.073647945355106
[03:35:07] [Server thread/INFO]: DraculaNew withered away while fighting Renesito
[03:35:07] [Server thread/INFO]: Created new backpack backup file for DraculaNew with unique ID travelersbackpack.squid_02.09.2026-03.35.07.dat
[03:35:07] [Server thread/INFO]: Created new backpack backup file for DraculaNew with unique ID travelersbackpack.squid_02.09.2026-03.35.07.dat
[03:35:07] [Server thread/INFO]: Your backpack has been placed at X: 10 Y: 197 Z: -188
[03:35:12] [Server thread/WARN]: Can't keep up! Is the server overloaded? Running 13928ms or 278 ticks behind
[03:35:33] [Server thread/WARN]: Can't keep up! Is the server overloaded? Running 6387ms or 127 ticks behind
[03:35:52] [Server thread/WARN]: Can't keep up! Is the server overloaded? Running 4185ms or 83 ticks behind
[03:36:10] [Server thread/WARN]: Can't keep up! Is the server overloaded? Running 2424ms or 48 ticks behind
[03:36:14] [Server thread/WARN]: Renesito moved too quickly! -7.858961802308414,1.1767592750642422,-6.317060110271541
[03:36:16] [Server thread/WARN]: Yazuu moved too quickly! 8.670766494853083,0.0,5.189113485726921
[03:36:16] [Server thread/WARN]: bohemia moved too quickly! -9.82830902452531,-1.2399539893700293,2.348337023212707
[03:36:31] [Server thread/WARN]: Can't keep up! Is the server overloaded? Running 6648ms or 132 ticks behind
[03:36:49] [Server thread/INFO]: DraculaNew was slain by Renesito
[03:36:49] [Server thread/WARN]: Can't keep up! Is the server overloaded? Running 2000ms or 40 ticks behind
[03:37:07] [Server thread/WARN]: Can't keep up! Is the server overloaded? Running 2994ms or 59 ticks behind
[03:37:27] [Server thread/WARN]: Can't keep up! Is the server overloaded? Running 2051ms or 41 ticks behind
[03:37:34] [Server thread/INFO]: Mattute_uwu was slain by Yazuu
[03:37:34] [Server thread/INFO]: Created new backpack backup file for Mattute_uwu with unique ID travelersbackpack.wither_02.09.2026-03.37.34.dat
[03:37:34] [Server thread/INFO]: Created new backpack backup file for Mattute_uwu with unique ID travelersbackpack.wither_02.09.2026-03.37.34.dat
[03:37:34] [Server thread/INFO]: Your backpack has been placed at X: -108 Y: 63 Z: -209
[03:38:23] [Server thread/INFO]: Mattute_uwu was slain by DraculaNew
[03:38:23] [Server thread/WARN]: Can't keep up! Is the server overloaded? Running 2010ms or 40 ticks behind
[03:38:39] [Server thread/INFO]: Mattute_uwu was slain by DraculaNew
[03:38:40] [Server thread/INFO]: DraculaNew was slain by Renesito
[03:38:52] [Server thread/WARN]: Can't keep up! Is the server overloaded? Running 2031ms or 40 ticks behind
[03:38:59] [Server thread/INFO]: Renesito was slain by Yazuu
[03:38:59] [Server thread/INFO]: Created new backpack backup file for Renesito with unique ID travelersbackpack.squid_02.09.2026-03.38.59.dat
[03:38:59] [Server thread/INFO]: Created new backpack backup file for Renesito with unique ID travelersbackpack.squid_02.09.2026-03.38.59.dat
[03:38:59] [Server thread/INFO]: Your backpack has been placed at X: -105 Y: 63 Z: -192
[03:39:13] [Server thread/WARN]: Can't keep up! Is the server overloaded? Running 2018ms or 40 ticks behind
[03:39:26] [Server thread/INFO]: DraculaNew was slain by Mattute_uwu
[03:39:40] [Server thread/INFO]: Mattute_uwu lost connection: Disconnected
[03:39:40] [Server thread/INFO]: Mattute_uwu left the game
[03:39:45] [Server thread/WARN]: Can't keep up! Is the server overloaded? Running 17045ms or 340 ticks behind
[03:40:09] [Server thread/WARN]: Can't keep up! Is the server overloaded? Running 8448ms or 168 ticks behind
[03:40:14] [Server thread/INFO]: Renesito was slain by Yazuu
[03:40:28] [Server thread/WARN]: Can't keep up! Is the server overloaded? Running 4666ms or 93 ticks behind
[03:40:47] [Server thread/WARN]: Can't keep up! Is the server overloaded? Running 3793ms or 75 ticks behind
[03:40:49] [Server thread/INFO]: Mattute_uwu[/172.29.228.210:54894] logged in with entity id 67664 at (-117.76287066649539, 62.0, -234.32086650266078)
[03:40:49] [Server thread/INFO]: Mattute_uwu joined the game
[03:41:11] [Server thread/WARN]: Can't keep up! Is the server overloaded? Running 8446ms or 168 ticks behind
[03:41:27] [Server thread/WARN]: Mismatch in destroy block pos: BlockPos{x=17, y=14, z=-295} BlockPos{x=16, y=15, z=-295}
[03:41:39] [Server thread/WARN]: Can't keep up! Is the server overloaded? Running 13437ms or 268 ticks behind
[03:42:03] [Server thread/WARN]: Can't keep up! Is the server overloaded? Running 8924ms or 178 ticks behind
[03:42:23] [Server thread/WARN]: Can't keep up! Is the server overloaded? Running 4995ms or 99 ticks behind
[03:42:40] [Server thread/WARN]: Can't keep up! Is the server overloaded? Running 2359ms or 47 ticks behind
[03:43:12] [Server thread/WARN]: Can't keep up! Is the server overloaded? Running 2001ms or 40 ticks behind
[03:43:24] [Server thread/INFO]: [Yazuu: Teleported Mattute_uwu to marinet45]
[03:43:33] [Server thread/WARN]: Can't keep up! Is the server overloaded? Running 2331ms or 46 ticks behind
[03:43:33] [Server thread/WARN]: Mattute_uwu moved too quickly! -1.727300632457613,0.49520087700591375,-10.087631296951088
[03:43:50] [Server thread/WARN]: Can't keep up! Is the server overloaded? Running 2032ms or 40 ticks behind
[03:44:46] [Server thread/INFO]: Renesito was shot by Mutant Skeleton
[03:44:46] [Server thread/INFO]: Created new backpack backup file for Renesito with unique ID travelersbackpack.magma_cube_02.09.2026-03.44.46.dat
[03:44:46] [Server thread/INFO]: Created new backpack backup file for Renesito with unique ID travelersbackpack.magma_cube_02.09.2026-03.44.46.dat
[03:44:46] [Server thread/INFO]: Your backpack has been placed at X: 94 Y: 75 Z: -183
[03:46:10] [Server thread/INFO]: [Yazuu: Teleported Renesito to marinet45]
[03:46:24] [Server thread/INFO]: marinet45 was slain by Renesito
[03:46:24] [Server thread/INFO]: Created new backpack backup file for marinet45 with unique ID travelersbackpack.magma_cube_02.09.2026-03.46.24.dat
[03:46:24] [Server thread/INFO]: Created new backpack backup file for marinet45 with unique ID travelersbackpack.magma_cube_02.09.2026-03.46.24.dat
[03:46:24] [Server thread/INFO]: Your backpack has been placed at X: 2 Y: 14 Z: -221
[03:46:39] [Server thread/WARN]: Mismatch in destroy block pos: BlockPos{x=14, y=15, z=-231} BlockPos{x=13, y=14, z=-231}
[03:46:39] [Server thread/WARN]: Mismatch in destroy block pos: BlockPos{x=14, y=15, z=-231} BlockPos{x=13, y=14, z=-231}
[03:46:51] [Server thread/INFO]: [Yazuu: Teleported marinet45 to Mattute_uwu]
[03:46:57] [Server thread/INFO]: marinet45 was slain by Renesito
[03:46:57] [Server thread/INFO]: Created new backpack backup file for marinet45 with unique ID travelersbackpack.magma_cube_02.09.2026-03.46.57.dat
[03:46:57] [Server thread/INFO]: Created new backpack backup file for marinet45 with unique ID travelersbackpack.magma_cube_02.09.2026-03.46.57.dat
[03:46:57] [Server thread/INFO]: Your backpack has been placed at X: 4 Y: 14 Z: -221
[03:47:04] [Server thread/INFO]: [Yazuu: Teleported marinet45 to Mattute_uwu]
[03:47:27] [Server thread/INFO]: [Yazuu: Teleported Mattute_uwu to DraculaNew]
[03:47:42] [Server thread/INFO]: Renesito was slain by marinet45
[03:47:42] [Server thread/INFO]: Created new backpack backup file for Renesito with unique ID travelersbackpack.magma_cube_02.09.2026-03.47.42.dat
[03:47:42] [Server thread/INFO]: Created new backpack backup file for Renesito with unique ID travelersbackpack.magma_cube_02.09.2026-03.47.42.dat
[03:47:42] [Server thread/INFO]: Your backpack has been placed at X: -6 Y: 8 Z: -235
[03:47:44] [Server thread/INFO]: marinet45 withered away while fighting Renesito
[03:47:44] [Server thread/INFO]: Created new backpack backup file for marinet45 with unique ID travelersbackpack.magma_cube_02.09.2026-03.47.44.dat
[03:47:44] [Server thread/INFO]: Created new backpack backup file for marinet45 with unique ID travelersbackpack.magma_cube_02.09.2026-03.47.44.dat
[03:47:44] [Server thread/INFO]: Your backpack has been placed at X: -6 Y: 9 Z: -232
[03:47:46] [Server thread/WARN]: Mattute_uwu moved too quickly! -9.693125763643707,-0.2247629905309907,-3.3116837458126156
[03:47:51] [Server thread/INFO]: Mattute_uwu was slain by DraculaNew
[03:47:51] [Server thread/INFO]: Created new backpack backup file for Mattute_uwu with unique ID travelersbackpack.wither_02.09.2026-03.47.51.dat
[03:47:51] [Server thread/INFO]: Created new backpack backup file for Mattute_uwu with unique ID travelersbackpack.wither_02.09.2026-03.47.51.dat
[03:47:51] [Server thread/INFO]: Your backpack has been placed at X: 101 Y: 63 Z: -1132
[03:48:01] [Server thread/INFO]: [Yazuu: Teleported marinet45 to Yazuu]
[03:48:07] [Server thread/INFO]: [Yazuu: Teleported Renesito to marinet45]
[03:48:18] [Server thread/INFO]: Mattute_uwu was slain by DraculaNew
[03:48:26] [Server thread/WARN]: Mismatch in destroy block pos: BlockPos{x=114, y=71, z=-214} BlockPos{x=114, y=71, z=-215}
[03:48:40] [Server thread/INFO]: Mattute_uwu was slain by DraculaNew
[03:49:09] [Server thread/INFO]: [Yazuu: Teleported Renesito to -6.500000, 8.000000, -232.500000]
[03:49:10] [Server thread/INFO]: Mattute_uwu was slain by DraculaNew
[03:49:25] [Server thread/INFO]: Mattute_uwu tried to swim in lava
[03:49:27] [Server thread/INFO]: [Yazuu: Teleported marinet45 to Renesito]
[03:49:47] [Server thread/INFO]: Mattute_uwu tried to swim in lava
[03:50:01] [Server thread/INFO]: Renesito was slain by marinet45
[03:50:01] [Server thread/INFO]: Created new backpack backup file for Renesito with unique ID travelersbackpack.magma_cube_02.09.2026-03.50.01.dat
[03:50:01] [Server thread/INFO]: Created new backpack backup file for Renesito with unique ID travelersbackpack.magma_cube_02.09.2026-03.50.01.dat
[03:50:01] [Server thread/INFO]: Your backpack has been placed at X: -9 Y: 8 Z: -230
[03:50:10] [Server thread/INFO]: [Yazuu: Teleported Renesito to marinet45]
[03:50:14] [Server thread/INFO]: Renesito was slain by marinet45
[03:50:14] [Server thread/INFO]: Mattute_uwu tried to swim in lava
[03:50:23] [Server thread/INFO]: [Yazuu: Teleported marinet45 to Yazuu]
[03:50:29] [Server thread/INFO]: [Yazuu: Teleported Renesito to -6.500000, 8.000000, -232.500000]
[03:50:30] [Server thread/INFO]: Mattute_uwu was slain by DraculaNew
[03:50:47] [Server thread/INFO]: Mattute_uwu tried to swim in lava
[03:50:57] [Server thread/INFO]: [Yazuu: Teleported marinet45 to 125.500000, 80.000000, -148.500000]
[03:51:00] [Server thread/INFO]: [Yazuu: Teleported marinet45 to 125.500000, 80.000000, -148.500000]
[03:51:02] [Server thread/INFO]: [Yazuu: Teleported marinet45 to 125.500000, 80.000000, -148.500000]
[03:51:03] [Server thread/INFO]: marinet45 fell from a high place
[03:51:03] [Server thread/INFO]: Created new backpack backup file for marinet45 with unique ID travelersbackpack.magma_cube_02.09.2026-03.51.03.dat
[03:51:03] [Server thread/INFO]: Created new backpack backup file for marinet45 with unique ID travelersbackpack.magma_cube_02.09.2026-03.51.03.dat
[03:51:03] [Server thread/INFO]: Your backpack has been placed at X: 125 Y: 69 Z: -147
[03:51:11] [Server thread/INFO]: Mattute_uwu was slain by DraculaNew
[03:51:13] [Server thread/INFO]: [Yazuu: Teleported marinet45 to Yazuu]
[03:51:29] [Server thread/INFO]: Mattute_uwu was slain by DraculaNew
[03:51:44] [Server thread/INFO]: [Yazuu: Teleported Renesito to marinet45]
[03:51:47] [Server thread/WARN]: Can't keep up! Is the server overloaded? Running 2003ms or 40 ticks behind
[03:51:48] [Server thread/INFO]: Mattute_uwu was slain by DraculaNew
[03:51:52] [Server thread/INFO]: [Yazuu: Teleported Renesito to Yazuu]
[03:52:04] [Server thread/INFO]: Mattute_uwu tried to swim in lava
[03:52:10] [Server thread/WARN]: Can't keep up! Is the server overloaded? Running 8734ms or 174 ticks behind
[03:52:28] [Server thread/WARN]: Can't keep up! Is the server overloaded? Running 2004ms or 40 ticks behind
[03:52:48] [Server thread/INFO]: Mattute_uwu tried to swim in lava
[03:55:59] [Server thread/INFO]: Mattute_uwu was shot by bohemia
[03:55:59] [Server thread/INFO]: Created new backpack backup file for Mattute_uwu with unique ID travelersbackpack.wither_02.09.2026-03.55.59.dat
[03:55:59] [Server thread/INFO]: Created new backpack backup file for Mattute_uwu with unique ID travelersbackpack.wither_02.09.2026-03.55.59.dat
[03:55:59] [Server thread/INFO]: Your backpack has been placed at X: 84 Y: 64 Z: -1150
[03:56:09] [Server thread/INFO]: Renesito was slain by Yazuu
[03:56:09] [Server thread/INFO]: Created new backpack backup file for Renesito with unique ID travelersbackpack.magma_cube_02.09.2026-03.56.09.dat
[03:56:09] [Server thread/INFO]: Created new backpack backup file for Renesito with unique ID travelersbackpack.magma_cube_02.09.2026-03.56.09.dat
[03:56:09] [Server thread/INFO]: Your backpack has been placed at X: 81 Y: 63 Z: -1138
[03:56:48] [Server thread/WARN]: Mismatch in destroy block pos: BlockPos{x=20, y=15, z=-297} BlockPos{x=22, y=14, z=-297}
[03:56:48] [Server thread/WARN]: Mismatch in destroy block pos: BlockPos{x=20, y=15, z=-297} BlockPos{x=21, y=14, z=-298}
[03:57:04] [Server thread/INFO]: Mattute_uwu was slain by Renesito
[03:57:04] [Server thread/INFO]: Created new backpack backup file for Mattute_uwu with unique ID travelersbackpack.wither_02.09.2026-03.57.04.dat
[03:57:04] [Server thread/INFO]: Created new backpack backup file for Mattute_uwu with unique ID travelersbackpack.wither_02.09.2026-03.57.04.dat
[03:57:04] [Server thread/INFO]: Your backpack has been placed at X: 77 Y: 63 Z: -1144
[03:58:06] [Server thread/INFO]: Renesito was slain by Yazuu
[03:58:06] [Server thread/INFO]: Created new backpack backup file for Renesito with unique ID travelersbackpack.magma_cube_02.09.2026-03.58.06.dat
[03:58:06] [Server thread/INFO]: Created new backpack backup file for Renesito with unique ID travelersbackpack.magma_cube_02.09.2026-03.58.06.dat
[03:58:06] [Server thread/INFO]: Your backpack has been placed at X: 70 Y: 63 Z: -1159
[03:58:17] [Server thread/WARN]: Mismatch in destroy block pos: BlockPos{x=38, y=14, z=-305} BlockPos{x=218, y=14, z=-358}
[03:59:09] [Server thread/INFO]: Renesito was slain by Yazuu
[03:59:09] [Server thread/INFO]: Created new backpack backup file for Renesito with unique ID travelersbackpack.magma_cube_02.09.2026-03.59.09.dat
[03:59:09] [Server thread/INFO]: Created new backpack backup file for Renesito with unique ID travelersbackpack.magma_cube_02.09.2026-03.59.09.dat
[03:59:09] [Server thread/INFO]: Your backpack has been placed at X: 107 Y: 63 Z: -1146
[03:59:39] [Server thread/INFO]: bohemia was slain by Yazuu
[03:59:39] [Server thread/INFO]: Created new backpack backup file for bohemia with unique ID travelersbackpack.creeper_02.09.2026-03.59.39.dat
[03:59:39] [Server thread/INFO]: Created new backpack backup file for bohemia with unique ID travelersbackpack.creeper_02.09.2026-03.59.39.dat
[03:59:39] [Server thread/INFO]: Your backpack has been placed at X: 103 Y: 63 Z: -1147
[03:59:43] [Server thread/INFO]: Renesito was slain by Mattute_uwu
[03:59:48] [Server thread/INFO]: Mattute_uwu was slain by DraculaNew
[03:59:48] [Server thread/INFO]: Created new backpack backup file for Mattute_uwu with unique ID travelersbackpack.wither_02.09.2026-03.59.48.dat
[03:59:48] [Server thread/INFO]: Created new backpack backup file for Mattute_uwu with unique ID travelersbackpack.wither_02.09.2026-03.59.48.dat
[03:59:48] [Server thread/INFO]: Your backpack has been placed at X: 86 Y: 63 Z: -1141
[04:00:04] [Server thread/WARN]: Mattute_uwu moved too quickly! 8.174013462632459,-1.3322033533667508,6.287111728572484
[04:00:48] [Server thread/WARN]: Mismatch in destroy block pos: BlockPos{x=56, y=11, z=-352} BlockPos{x=82, y=13, z=-361}
[04:01:02] [Server thread/WARN]: Mismatch in destroy block pos: BlockPos{x=95, y=15, z=-356} BlockPos{x=97, y=13, z=-361}
[04:03:01] [Server thread/WARN]: Can't keep up! Is the server overloaded? Running 2010ms or 40 ticks behind
[04:03:17] [Server thread/INFO]: Renesito was slain by bohemia
[04:03:17] [Server thread/INFO]: Created new backpack backup file for Renesito with unique ID travelersbackpack.magma_cube_02.09.2026-04.03.17.dat
[04:03:17] [Server thread/INFO]: Created new backpack backup file for Renesito with unique ID travelersbackpack.magma_cube_02.09.2026-04.03.17.dat
[04:03:17] [Server thread/INFO]: Your backpack has been placed at X: 129 Y: 63 Z: -1152
[04:03:57] [Server thread/INFO]: Mattute_uwu was slain by DraculaNew
[04:03:57] [Server thread/INFO]: Created new backpack backup file for Mattute_uwu with unique ID travelersbackpack.wither_02.09.2026-04.03.57.dat
[04:03:57] [Server thread/INFO]: Created new backpack backup file for Mattute_uwu with unique ID travelersbackpack.wither_02.09.2026-04.03.57.dat
[04:03:57] [Server thread/INFO]: Your backpack has been placed at X: 113 Y: 63 Z: -1147
[04:04:55] [Server thread/INFO]: bohemia was slain by Yazuu
[04:04:55] [Server thread/INFO]: Created new backpack backup file for bohemia with unique ID travelersbackpack.creeper_02.09.2026-04.04.55.dat
[04:04:55] [Server thread/INFO]: Created new backpack backup file for bohemia with unique ID travelersbackpack.creeper_02.09.2026-04.04.55.dat
[04:04:55] [Server thread/INFO]: Your backpack has been placed at X: 95 Y: 63 Z: -1115
[04:04:57] [Server thread/WARN]: Mismatch in destroy block pos: BlockPos{x=198, y=13, z=-359} BlockPos{x=247, y=13, z=-358}
[04:06:43] [Server thread/INFO]: bohemia was slain by Renesito
[04:06:43] [Server thread/INFO]: Created new backpack backup file for bohemia with unique ID travelersbackpack.creeper_02.09.2026-04.06.43.dat
[04:06:43] [Server thread/INFO]: Created new backpack backup file for bohemia with unique ID travelersbackpack.creeper_02.09.2026-04.06.43.dat
[04:06:43] [Server thread/INFO]: Your backpack has been placed at X: 84 Y: 63 Z: -1156
[04:06:45] [Server thread/INFO]: [Yazuu: Teleported marinet45 to Yazuu]
[04:07:35] [Server thread/INFO]: Renesito withered away while fighting Mattute_uwu
[04:07:35] [Server thread/INFO]: Created new backpack backup file for Renesito with unique ID travelersbackpack.magma_cube_02.09.2026-04.07.35.dat
[04:07:35] [Server thread/INFO]: Created new backpack backup file for Renesito with unique ID travelersbackpack.magma_cube_02.09.2026-04.07.35.dat
[04:07:35] [Server thread/INFO]: Your backpack has been placed at X: 118 Y: 63 Z: -1089
[04:07:41] [Server thread/WARN]: bohemia moved too quickly! -4.754853665798095,0.0,-9.07551173906677
[04:07:44] [Server thread/INFO]: marinet45 lost connection: Disconnected
[04:07:44] [Server thread/INFO]: marinet45 left the game
[04:08:02] [Server thread/INFO]: bohemia was slain by Yazuu
[04:08:02] [Server thread/INFO]: Created new backpack backup file for bohemia with unique ID travelersbackpack.creeper_02.09.2026-04.08.02.dat
[04:08:02] [Server thread/INFO]: Created new backpack backup file for bohemia with unique ID travelersbackpack.creeper_02.09.2026-04.08.02.dat
[04:08:02] [Server thread/INFO]: Your backpack has been placed at X: 115 Y: 63 Z: -1106
[04:08:16] [Server thread/INFO]: Renesito was slain by Mattute_uwu
[04:08:16] [Server thread/INFO]: Created new backpack backup file for Renesito with unique ID travelersbackpack.magma_cube_02.09.2026-04.08.16.dat
[04:08:16] [Server thread/INFO]: Created new backpack backup file for Renesito with unique ID travelersbackpack.magma_cube_02.09.2026-04.08.16.dat
[04:08:16] [Server thread/INFO]: Your backpack has been placed at X: 124 Y: 57 Z: -1087
[04:10:46] [Server thread/INFO]: Renesito lost connection: Disconnected
[04:10:46] [Server thread/INFO]: Renesito left the game
[04:13:21] [Server thread/WARN]: bohemia moved too quickly! 0.817522861339171,-10.169839914389627,0.7113506950495321
[04:14:58] [Server thread/INFO]: bohemia was slain by Yazuu
[04:14:58] [Server thread/INFO]: Created new backpack backup file for bohemia with unique ID travelersbackpack.creeper_02.09.2026-04.14.58.dat
[04:14:58] [Server thread/INFO]: Created new backpack backup file for bohemia with unique ID travelersbackpack.creeper_02.09.2026-04.14.58.dat
[04:14:58] [Server thread/INFO]: Your backpack has been placed at X: 433 Y: 163 Z: -1142
[04:15:05] [Server thread/INFO]: Mattute_uwu was slain by Yazuu
[04:15:05] [Server thread/INFO]: Created new backpack backup file for Mattute_uwu with unique ID travelersbackpack.wither_02.09.2026-04.15.05.dat
[04:15:05] [Server thread/INFO]: Created new backpack backup file for Mattute_uwu with unique ID travelersbackpack.wither_02.09.2026-04.15.05.dat
[04:15:05] [Server thread/INFO]: Your backpack has been placed at X: 440 Y: 163 Z: -1141
[04:15:12] [Server thread/INFO]: marinet45[/172.29.35.46:60266] logged in with entity id 103534 at (99.60012923745778, 77.0, -1328.2683634294744)
[04:15:12] [Server thread/INFO]: marinet45 joined the game
[04:16:26] [Server thread/WARN]: Mismatch in destroy block pos: BlockPos{x=92, y=77, z=-1319} BlockPos{x=159, y=63, z=-1176}
[04:17:23] [Server thread/INFO]: bohemia withered away while fighting Mattute_uwu
[04:17:23] [Server thread/INFO]: Created new backpack backup file for bohemia with unique ID travelersbackpack.creeper_02.09.2026-04.17.23.dat
[04:17:23] [Server thread/INFO]: Created new backpack backup file for bohemia with unique ID travelersbackpack.creeper_02.09.2026-04.17.23.dat
[04:17:23] [Server thread/INFO]: There's no space for backpack. Dropping backpack item at X: 451 Y: 132.47124876059974 Z: -1135
[04:17:27] [Server thread/INFO]: Mattute_uwu was slain by Yazuu
[04:17:27] [Server thread/INFO]: Created new backpack backup file for Mattute_uwu with unique ID travelersbackpack.wither_02.09.2026-04.17.27.dat
[04:17:27] [Server thread/INFO]: Created new backpack backup file for Mattute_uwu with unique ID travelersbackpack.wither_02.09.2026-04.17.27.dat
[04:17:27] [Server thread/INFO]: Your backpack has been placed at X: 447 Y: 163 Z: -1131
[04:18:09] [Server thread/INFO]: bohemia was impaled by Drowned
[04:18:26] [Server thread/INFO]: bohemia was impaled by Drowned
[04:19:51] [Server thread/INFO]: Mattute_uwu was impaled by Drowned
[04:19:51] [Server thread/INFO]: Created new backpack backup file for Mattute_uwu with unique ID travelersbackpack.wither_02.09.2026-04.19.51.dat
[04:19:51] [Server thread/INFO]: Created new backpack backup file for Mattute_uwu with unique ID travelersbackpack.wither_02.09.2026-04.19.51.dat
[04:19:51] [Server thread/INFO]: There's no space for backpack. Dropping backpack item at X: 415 Y: 60.94957742855217 Z: -1138
[04:20:01] [Server thread/INFO]: bohemia was impaled by Drowned
[04:20:33] [Server thread/INFO]: Mattute_uwu was impaled by Drowned
[04:20:58] [Server thread/INFO]: Mattute_uwu was impaled by Drowned
[04:21:31] [Server thread/INFO]: Mattute_uwu was impaled by Drowned
[04:21:47] [Server thread/INFO]: bohemia was impaled by Drowned
[04:26:47] [Server thread/INFO]: bohemia withered away while fighting Mattute_uwu
[04:26:54] [Server thread/INFO]: [Yazuu: Teleported bohemia to Yazuu]
[04:31:26] [Server thread/WARN]: Mismatch in destroy block pos: BlockPos{x=25, y=14, z=-157} BlockPos{x=25, y=15, z=-157}
[04:33:17] [Server thread/INFO]: DraculaNew was shot by bohemia
[04:33:17] [Server thread/INFO]: Created new backpack backup file for DraculaNew with unique ID travelersbackpack.squid_02.09.2026-04.33.17.dat
[04:33:17] [Server thread/INFO]: Created new backpack backup file for DraculaNew with unique ID travelersbackpack.squid_02.09.2026-04.33.17.dat
[04:33:17] [Server thread/INFO]: Your backpack has been placed at X: 155 Y: 63 Z: -1127
[04:33:29] [Server thread/INFO]: bohemia was slain by Yazuu
[04:33:29] [Server thread/INFO]: Created new backpack backup file for bohemia with unique ID travelersbackpack.creeper_02.09.2026-04.33.29.dat
[04:33:29] [Server thread/INFO]: Created new backpack backup file for bohemia with unique ID travelersbackpack.creeper_02.09.2026-04.33.29.dat
[04:33:29] [Server thread/INFO]: Your backpack has been placed at X: 137 Y: 64 Z: -1128
[04:34:12] [Server thread/WARN]: Yazuu moved too quickly! -5.448434318138027,-0.7360307249205249,-12.666597479732673
[04:34:45] [Server thread/INFO]: bohemia was slain by DraculaNew
[04:34:45] [Server thread/INFO]: Created new backpack backup file for bohemia with unique ID travelersbackpack.creeper_02.09.2026-04.34.45.dat
[04:34:45] [Server thread/INFO]: Created new backpack backup file for bohemia with unique ID travelersbackpack.creeper_02.09.2026-04.34.45.dat
[04:34:45] [Server thread/INFO]: Your backpack has been placed at X: 84 Y: 63 Z: -1117
[04:36:19] [Server thread/WARN]: Can't keep up! Is the server overloaded? Running 2005ms or 40 ticks behind
[04:37:09] [Server thread/INFO]: Mattute_uwu was impaled by Drowned
[04:37:09] [Server thread/INFO]: Created new backpack backup file for Mattute_uwu with unique ID travelersbackpack.wither_02.09.2026-04.37.09.dat
[04:37:09] [Server thread/INFO]: Created new backpack backup file for Mattute_uwu with unique ID travelersbackpack.wither_02.09.2026-04.37.09.dat
[04:37:09] [Server thread/INFO]: Your backpack has been placed at X: 440 Y: 63 Z: -1138
[04:37:51] [Server thread/INFO]: Yazuu lost connection: Disconnected
[04:37:51] [Server thread/INFO]: Yazuu left the game
[04:38:08] [Server thread/INFO]: Mattute_uwu was impaled by Drowned
[04:38:08] [Server thread/INFO]: Created new backpack backup file for Mattute_uwu with unique ID travelersbackpack.wither_02.09.2026-04.38.08.dat
[04:38:08] [Server thread/INFO]: Created new backpack backup file for Mattute_uwu with unique ID travelersbackpack.wither_02.09.2026-04.38.08.dat
[04:38:08] [Server thread/INFO]: Your backpack has been placed at X: 442 Y: 64 Z: -1138
[04:38:40] [Server thread/WARN]: bohemia moved too quickly! 0.788241647176875,-0.07520089011894271,10.08123587816317
[04:38:44] [Server thread/WARN]: Mattute_uwu moved too quickly! 0.40102424114382984,-10.303099258719925,-0.09306772200693558
[04:41:22] [Server thread/INFO]: Mattute_uwu was impaled by Drowned
[04:41:22] [Server thread/INFO]: Created new backpack backup file for Mattute_uwu with unique ID travelersbackpack.wither_02.09.2026-04.41.22.dat
[04:41:22] [Server thread/INFO]: Created new backpack backup file for Mattute_uwu with unique ID travelersbackpack.wither_02.09.2026-04.41.22.dat
[04:41:22] [Server thread/INFO]: Your backpack has been placed at X: 440 Y: 64 Z: -1139
[04:41:45] [Server thread/INFO]: Yazuu[/172.29.222.16:51211] logged in with entity id 127646 at (71.58835292395791, 63.0, -1132.152814543854)
[04:41:45] [Server thread/INFO]: Yazuu joined the game
[04:42:33] [Server thread/INFO]: Mattute_uwu was slain by Drowned
[04:42:33] [Server thread/INFO]: Created new backpack backup file for Mattute_uwu with unique ID travelersbackpack.wither_02.09.2026-04.42.33.dat
[04:42:33] [Server thread/INFO]: Created new backpack backup file for Mattute_uwu with unique ID travelersbackpack.wither_02.09.2026-04.42.33.dat
[04:42:33] [Server thread/INFO]: There's no space for backpack. Dropping backpack item at X: 433 Y: 62.1498319736668 Z: -1138
[04:43:17] [Server thread/INFO]: Mattute_uwu was impaled by Drowned
[04:44:05] [Server thread/INFO]: Mattute_uwu was impaled by Drowned
[04:45:33] [Server thread/WARN]: Mattute_uwu moved too quickly! -9.742236591105609,-0.12209338374568546,2.575481791749553
[04:45:38] [Server thread/WARN]: Mismatch in destroy block pos: BlockPos{x=202, y=14, z=192} BlockPos{x=200, y=15, z=192}
[04:45:58] [Server thread/WARN]: bohemia moved too quickly! 6.415605756894507,1.2406475795237242,7.687292698284637
[04:46:23] [Server thread/INFO]: [Yazuu: Teleported Mattute_uwu to Yazuu]
[04:46:41] [Server thread/INFO]: Mattute_uwu lost connection: Timed out
[04:46:41] [Server thread/INFO]: Mattute_uwu left the game
[04:47:19] [Server thread/INFO]: Mattute_uwu[/172.29.228.210:51702] logged in with entity id 134760 at (428.73697616374653, 198.0, -1138.2039418797706)
[04:47:19] [Server thread/INFO]: Mattute_uwu joined the game
[04:47:30] [Server thread/WARN]: Can't keep up! Is the server overloaded? Running 2025ms or 40 ticks behind
[04:49:34] [Server thread/WARN]: Mismatch in destroy block pos: BlockPos{x=179, y=15, z=100} BlockPos{x=179, y=14, z=106}
[04:52:54] [Server thread/WARN]: Mismatch in destroy block pos: BlockPos{x=179, y=15, z=10} BlockPos{x=179, y=12, z=67}
[04:55:24] [Server thread/WARN]: Mismatch in destroy block pos: BlockPos{x=122, y=14, z=13} BlockPos{x=123, y=13, z=13}
[04:55:24] [Server thread/WARN]: Mismatch in destroy block pos: BlockPos{x=122, y=14, z=13} BlockPos{x=123, y=13, z=13}
[04:57:43] [Server thread/INFO]: Mattute_uwu lost connection: Disconnected
[04:57:43] [Server thread/INFO]: Mattute_uwu left the game
[04:58:37] [Server thread/WARN]: Can't keep up! Is the server overloaded? Running 2041ms or 40 ticks behind
[05:05:38] [Server thread/WARN]: Mismatch in destroy block pos: BlockPos{x=91, y=12, z=145} BlockPos{x=86, y=16, z=105}
[05:09:41] [Server thread/WARN]: Can't keep up! Is the server overloaded? Running 2010ms or 40 ticks behind
[05:09:46] [Server thread/WARN]: bohemia moved too quickly! -0.022746207676277663,-10.187102015152135,1.4011563507390292
[05:12:39] [Server thread/WARN]: Mismatch in destroy block pos: BlockPos{x=90, y=9, z=36} BlockPos{x=94, y=15, z=112}
[05:14:15] [Server thread/WARN]: Mismatch in destroy block pos: BlockPos{x=99, y=16, z=109} BlockPos{x=114, y=16, z=108}
[05:18:03] [Server thread/WARN]: Mismatch in destroy block pos: BlockPos{x=49, y=15, z=110} BlockPos{x=48, y=15, z=107}
[05:20:47] [Server thread/WARN]: Can't keep up! Is the server overloaded? Running 2020ms or 40 ticks behind
[05:31:35] [Server thread/INFO]: bohemia has reached the goal [Hired Help]
[05:31:48] [Server thread/WARN]: Can't keep up! Is the server overloaded? Running 2029ms or 40 ticks behind
[05:37:14] [Server thread/INFO]: bohemia was slain by DraculaNew
[05:37:37] [Server thread/INFO]: bohemia was slain by DraculaNew
[05:42:30] [Server thread/INFO]: DraculaNew was blown up by bohemia
[05:42:30] [Server thread/INFO]: Created new backpack backup file for DraculaNew with unique ID travelersbackpack.wither_02.09.2026-05.42.30.dat
[05:42:30] [Server thread/INFO]: Created new backpack backup file for DraculaNew with unique ID travelersbackpack.wither_02.09.2026-05.42.30.dat
[05:42:30] [Server thread/INFO]: Your backpack has been placed at X: 114 Y: 63 Z: -1135
[05:42:58] [Server thread/WARN]: Can't keep up! Is the server overloaded? Running 2031ms or 40 ticks behind
[05:45:14] [Server thread/INFO]: Villager Villager['Villager'/177303, l='ServerLevel[world]', x=66.50, y=106.00, z=-331.50] died, message: 'Villager was blown up by DraculaNew'
[05:45:14] [Server thread/INFO]: Villager Villager['Villager'/177304, l='ServerLevel[world]', x=66.43, y=107.00, z=-329.85] died, message: 'Villager was blown up by DraculaNew'
[05:45:14] [Server thread/INFO]: Named entity Zombie['Manu II'/177293, l='ServerLevel[world]', x=63.45, y=103.49, z=-325.53] died: Manu II was blown up by DraculaNew
[05:45:15] [Server thread/INFO]: Villager Villager['Cleric'/177289, l='ServerLevel[world]', x=64.68, y=102.56, z=-317.67] died, message: 'Cleric was blown up by DraculaNew'
[05:45:15] [Server thread/INFO]: Villager Villager['Librarian'/177300, l='ServerLevel[world]', x=73.32, y=104.00, z=-322.68] died, message: 'Librarian was blown up by DraculaNew'
[05:45:15] [Server thread/INFO]: Villager Villager['Librarian'/177301, l='ServerLevel[world]', x=71.80, y=104.00, z=-324.56] died, message: 'Librarian was blown up by DraculaNew'
[05:45:16] [Server thread/INFO]: Villager Villager['Librarian'/177298, l='ServerLevel[world]', x=72.61, y=104.10, z=-326.65] died, message: 'Librarian was blown up by DraculaNew'
[05:45:16] [Server thread/INFO]: Villager Villager['Librarian'/177290, l='ServerLevel[world]', x=63.52, y=102.00, z=-317.48] died, message: 'Librarian was blown up by DraculaNew'
[05:45:39] [Server thread/INFO]: bohemia was blown up by DraculaNew
[05:45:39] [Server thread/INFO]: Created new backpack backup file for bohemia with unique ID travelersbackpack.creeper_02.09.2026-05.45.39.dat
[05:45:39] [Server thread/INFO]: Created new backpack backup file for bohemia with unique ID travelersbackpack.creeper_02.09.2026-05.45.39.dat
[05:45:39] [Server thread/INFO]: Your backpack has been placed at X: 61 Y: 109 Z: -298
[05:45:41] [Server thread/INFO]: DraculaNew was blown up by DraculaNew
[05:45:41] [Server thread/INFO]: Created new backpack backup file for DraculaNew with unique ID travelersbackpack.wither_02.09.2026-05.45.41.dat
[05:45:41] [Server thread/INFO]: Created new backpack backup file for DraculaNew with unique ID travelersbackpack.wither_02.09.2026-05.45.41.dat
[05:45:41] [Server thread/INFO]: Your backpack has been placed at X: 59 Y: 110 Z: -286
[05:47:31] [Server thread/INFO]: bohemia was blown up by DraculaNew
[05:47:31] [Server thread/INFO]: Created new backpack backup file for bohemia with unique ID travelersbackpack.creeper_02.09.2026-05.47.31.dat
[05:47:31] [Server thread/INFO]: Created new backpack backup file for bohemia with unique ID travelersbackpack.creeper_02.09.2026-05.47.31.dat
[05:47:31] [Server thread/INFO]: Your backpack has been placed at X: 56 Y: 109 Z: -302
[05:47:31] [Server thread/INFO]: DraculaNew was blown up by DraculaNew
[05:47:31] [Server thread/INFO]: Created new backpack backup file for DraculaNew with unique ID travelersbackpack.diamond_02.09.2026-05.47.31.dat
[05:47:31] [Server thread/INFO]: Created new backpack backup file for DraculaNew with unique ID travelersbackpack.diamond_02.09.2026-05.47.31.dat
[05:47:31] [Server thread/INFO]: Your backpack has been placed at X: 60 Y: 108 Z: -300
[05:48:41] [Server thread/INFO]: bohemia was slain by DraculaNew
[05:48:41] [Server thread/INFO]: Created new backpack backup file for bohemia with unique ID travelersbackpack.pumpkin_02.09.2026-05.48.41.dat
[05:48:41] [Server thread/INFO]: Created new backpack backup file for bohemia with unique ID travelersbackpack.pumpkin_02.09.2026-05.48.41.dat
[05:48:41] [Server thread/INFO]: Your backpack has been placed at X: 76 Y: 63 Z: -1147
[05:48:57] [Server thread/INFO]: DraculaNew was slain by Fallen Knight
[05:48:57] [Server thread/INFO]: Created new backpack backup file for DraculaNew with unique ID travelersbackpack.diamond_02.09.2026-05.48.57.dat
[05:48:57] [Server thread/INFO]: Created new backpack backup file for DraculaNew with unique ID travelersbackpack.diamond_02.09.2026-05.48.57.dat
[05:48:57] [Server thread/INFO]: Your backpack has been placed at X: 72 Y: 63 Z: -1151
[05:49:39] [Server thread/INFO]: bohemia was slain by DraculaNew
[05:50:02] [Server thread/INFO]: [Yazuu: Set DraculaNew's game mode to Adventure Mode]
[05:50:09] [Server thread/INFO]: [Yazuu: Set bohemia's game mode to Adventure Mode]
[05:50:54] [Server thread/INFO]: [Yazuu: Teleported bohemia to Yazuu]
[05:50:59] [Server thread/INFO]: bohemia was slain by DraculaNew
[05:51:12] [Server thread/INFO]: [Yazuu: Set DraculaNew's game mode to Spectator Mode]
[05:51:16] [Server thread/INFO]: [Yazuu: Teleported bohemia to Yazuu]
[05:51:25] [Server thread/INFO]: DraculaNew lost connection: Disconnected
[05:51:25] [Server thread/INFO]: DraculaNew left the game
[05:51:27] [Server thread/INFO]: [Yazuu: Set bohemia's game mode to Spectator Mode]
[05:51:35] [Server thread/ERROR]: Failed to handle packet net.minecraft.network.protocol.game.ServerboundUseItemOnPacket@708e0276, suppressing error
java.lang.IllegalArgumentException: [Fabric] Extended menu zeroteam_gravestone:gravestone must be opened with an ExtendedMenuProvider!
	at knot//net.minecraft.server.level.ServerPlayer.handler$zkd000$fabric-menu-api-v1$fabric_storeOpenedMenu(ServerPlayer.java:5024)
	at knot//net.minecraft.server.level.ServerPlayer.openMenu(ServerPlayer.java:1454)
	at knot//net.minecraft.server.level.ServerPlayerGameMode.useItemOn(ServerPlayerGameMode.java:360)
	at knot//net.minecraft.server.network.ServerGamePacketListenerImpl.handleUseItemOn(ServerGamePacketListenerImpl.java:1467)
	at knot//net.minecraft.network.protocol.game.ServerboundUseItemOnPacket.handle(ServerboundUseItemOnPacket.java:42)
	at knot//net.minecraft.network.protocol.game.ServerboundUseItemOnPacket.handle(ServerboundUseItemOnPacket.java:10)
	at knot//net.minecraft.network.PacketProcessor$ListenerAndPacket.handle(PacketProcessor.java:55)
	at knot//net.minecraft.network.PacketProcessor.processQueuedPackets(PacketProcessor.java:38)
	at knot//net.minecraft.server.MinecraftServer.processPacketsAndTick(MinecraftServer.java:1032)
	at knot//net.minecraft.server.MinecraftServer.runServer(MinecraftServer.java:773)
	at knot//net.minecraft.server.MinecraftServer.lambda$spin$0(MinecraftServer.java:320)
	at java.base/java.lang.Thread.run(Thread.java:1474)
[05:53:37] [Server thread/WARN]: bohemia moved too quickly! 4.5071747296376685,0.0,9.184059222286805
[05:54:58] [Server thread/INFO]: [Yazuu: Teleported Yazuu to marinet45]
[05:58:55] [Server thread/INFO]: [Yazuu: Teleported bohemia to Yazuu]
[05:58:59] [Server thread/INFO]: [Yazuu: Teleported bohemia to Yazuu]
[05:59:09] [Server thread/INFO]: [Yazuu: Set bohemia's game mode to Survival Mode]
[05:59:12] [Server thread/INFO]: [Yazuu: Teleported bohemia to Yazuu]
[05:59:20] [Server thread/INFO]: [Yazuu: Teleported bohemia to Yazuu]
[05:59:27] [Server thread/INFO]: [Yazuu: Set own game mode to Spectator Mode]
[05:59:34] [Server thread/INFO]: [Yazuu: Set own game mode to Survival Mode]
[05:59:42] [Server thread/INFO]: [Yazuu: Set bohemia's game mode to Spectator Mode]
[06:00:40] [Server thread/INFO]: [Yazuu: Teleported bohemia to Yazuu]
[06:02:20] [Server thread/INFO]: [Yazuu: Set bohemia's game mode to Survival Mode]
[06:02:24] [Server thread/INFO]: [Yazuu: Teleported bohemia to Yazuu]
[06:02:28] [Server thread/INFO]: [Yazuu: Teleported bohemia to Yazuu]
[06:02:33] [Server thread/INFO]: [Yazuu: Teleported bohemia to Yazuu]
[06:02:37] [Server thread/INFO]: [Yazuu: Teleported bohemia to Yazuu]
[06:02:41] [Server thread/INFO]: [Yazuu: Teleported bohemia to Yazuu]
[06:02:49] [Server thread/INFO]: [Yazuu: Teleported bohemia to Yazuu]
[06:02:57] [Server thread/INFO]: [Yazuu: Teleported bohemia to Yazuu]
[06:03:00] [Server thread/INFO]: [Yazuu: Teleported bohemia to Yazuu]
[06:03:21] [Server thread/INFO]: [Yazuu: Teleported bohemia to Yazuu]
[06:03:37] [Server thread/INFO]: [Yazuu: Teleported bohemia to Yazuu]
[06:03:47] [Server thread/INFO]: [Yazuu: Teleported bohemia to Yazuu]
[06:03:50] [Server thread/INFO]: [Yazuu: Teleported bohemia to Yazuu]
[06:03:54] [Server thread/INFO]: [Yazuu: Teleported bohemia to Yazuu]
[06:04:01] [Server thread/INFO]: [Yazuu: Teleported bohemia to Yazuu]
[06:04:05] [Server thread/INFO]: [Yazuu: Teleported bohemia to Yazuu]
[06:04:16] [Server thread/INFO]: [Yazuu: Teleported bohemia to Yazuu]
[06:04:24] [Server thread/INFO]: [Yazuu: Teleported bohemia to Yazuu]
[06:04:31] [Server thread/INFO]: [Yazuu: Teleported bohemia to Yazuu]
[06:04:39] [Server thread/INFO]: [Yazuu: Set bohemia's game mode to Spectator Mode]
[06:04:50] [Server thread/WARN]: bohemia moved too quickly! -4.799425991740435,3.3750001341104507,-8.282625547725047
[06:05:19] [Server thread/INFO]: [Yazuu: Teleported bohemia to Yazuu]
[06:05:32] [Server thread/INFO]: [Yazuu: Teleported bohemia to Yazuu]
[06:05:43] [Server thread/INFO]: [Yazuu: Teleported bohemia to Yazuu]
[06:05:52] [Server thread/INFO]: [Yazuu: Teleported bohemia to Yazuu]
[06:06:27] [Server thread/INFO]: [Yazuu: Teleported bohemia to Yazuu]
[06:07:27] [Server thread/INFO]: [Yazuu: Teleported bohemia to Yazuu]
[06:11:13] [Server thread/INFO]: [Yazuu: Teleported bohemia to Yazuu]
[06:11:17] [Server thread/INFO]: [Yazuu: Set bohemia's game mode to Survival Mode]
[06:12:23] [Server thread/INFO]: [Yazuu: Gave 1 [Lime Bed] to Yazuu]
[06:12:43] [Server thread/INFO]: bohemia was killed
[06:12:43] [Server thread/INFO]: [Yazuu: Killed bohemia]
[06:14:03] [Server thread/INFO]: [Yazuu: Teleported bohemia to Yazuu]
[06:15:25] [Server thread/INFO]: [Yazuu: Gave 1 [Black Waystone] to Yazuu]
[06:19:24] [Server thread/INFO]: [Yazuu: Gave 2 [Villager Spawn Egg] to bohemia]
[06:21:03] [Server thread/INFO]: [Yazuu: Gave 600 [Block of Quartz] to bohemia]
[06:24:13] [Server thread/INFO]: [Yazuu: Gave 128 [Torch] to bohemia]
[06:28:29] [Server thread/INFO]: [Yazuu: Teleported marinet45 to Yazuu]
[06:45:52] [Server thread/INFO]: bohemia was slain by Enderman
[06:45:52] [Server thread/INFO]: Created new backpack backup file for bohemia with unique ID travelersbackpack.lapis_02.09.2026-06.45.52.dat
[06:45:52] [Server thread/INFO]: Created new backpack backup file for bohemia with unique ID travelersbackpack.lapis_02.09.2026-06.45.52.dat
[06:45:52] [Server thread/INFO]: Your backpack has been placed at X: 151 Y: 68 Z: -13
[07:02:05] [Server thread/WARN]: Mismatch in destroy block pos: BlockPos{x=90, y=61, z=-1094} BlockPos{x=80, y=62, z=-1095}
[07:11:05] [Server thread/WARN]: Mismatch in destroy block pos: BlockPos{x=-1, y=69, z=-1109} BlockPos{x=117, y=62, z=-1114}
[07:11:22] [Server thread/WARN]: Mismatch in destroy block pos: BlockPos{x=117, y=61, z=-1114} BlockPos{x=109, y=62, z=-1114}
[07:13:43] [Server thread/WARN]: Mismatch in destroy block pos: BlockPos{x=-1, y=63, z=-1115} BlockPos{x=0, y=64, z=-1115}
[07:14:07] [Server thread/WARN]: Mismatch in destroy block pos: BlockPos{x=-10, y=61, z=-1116} BlockPos{x=-5, y=64, z=-1117}
[07:20:27] [Server thread/WARN]: Mismatch in destroy block pos: BlockPos{x=-5, y=65, z=-1116} BlockPos{x=-5, y=61, z=-1116}
[07:22:42] [Server thread/INFO]: bohemia lost connection: Timed out
[07:22:42] [Server thread/INFO]: bohemia left the game
[07:26:35] [Server thread/WARN]: Mismatch in destroy block pos: BlockPos{x=117, y=62, z=-1133} BlockPos{x=128, y=62, z=-1136}
[07:32:17] [Server thread/INFO]: bohemia[/172.29.182.214:53109] logged in with entity id 238108 at (9.300000011920929, 197.0, -187.79101803865356)
[07:32:17] [Server thread/INFO]: bohemia joined the game
[07:34:35] [Server thread/WARN]: Mismatch in destroy block pos: BlockPos{x=128, y=61, z=-1143} BlockPos{x=128, y=61, z=-1132}
[07:34:43] [Server thread/WARN]: Mismatch in destroy block pos: BlockPos{x=128, y=61, z=-1143} BlockPos{x=129, y=61, z=-1132}
[07:40:24] [Server thread/INFO]: marinet45 lost connection: Disconnected
[07:40:24] [Server thread/INFO]: marinet45 left the game
[07:40:28] [Server thread/INFO]: Yazuu lost connection: Disconnected
[07:40:28] [Server thread/INFO]: Yazuu left the game
[07:47:55] [Server thread/INFO]: bohemia lost connection: Disconnected
[07:47:55] [Server thread/INFO]: bohemia left the game
[07:48:03] [Server thread/INFO]: Unknown or incomplete command. See below for error
[07:48:03] [Server thread/INFO]: /stop<--[HERE]
[07:48:24] [Server thread/INFO]: Stopping the server
[07:48:24] [Server thread/INFO]: Stopping server
[07:48:24] [Server thread/INFO]: Saving players
[07:48:24] [Server thread/INFO]: Saving worlds
[07:48:24] [Server thread/INFO]: Saving chunks for level 'ServerLevel[world]'/minecraft:overworld
[07:48:24] [Server thread/INFO]: Saving chunks for level 'ServerLevel[world]'/minecraft:the_nether
[07:48:24] [Server thread/INFO]: Saving chunks for level 'ServerLevel[world]'/minecraft:the_end
[07:48:24] [Server thread/INFO]: ThreadedAnvilChunkStorage (world): All chunks are saved
[07:48:24] [Server thread/INFO]: ThreadedAnvilChunkStorage (DIM-1): All chunks are saved
[07:48:24] [Server thread/INFO]: ThreadedAnvilChunkStorage (DIM1): All chunks are saved
[07:48:24] [Server thread/INFO]: ThreadedAnvilChunkStorage: All dimensions are saved
[07:48:24] [Server thread/INFO]: Dispatching unloading event for config mutantmonsters-server.toml
